{
  "app_id": "APP-1825",
  "control_evidence": [
    {
      "control": "ISO27001:AC-2",
      "result": "fail",
      "source": "public_buckets"
    },
    {
      "control": "ISO27001:AC-1",
      "result": "pass",
      "source": "tls_policy"
    }
  ],
  "deploy_risk_score": 0.71,
  "digests": [],
  "posture": {
    "public_buckets": [
      "compliance-logs"
    ],
    "tls_policy": "ELBSecurityPolicy-2016-08"
  },
  "run_id": "SAMPLE-RUN"
}