{
  "app_id": "APP-1825",
  "compliance_rollup": {
    "controls": [
      {
        "coverage": 1.0,
        "id": "ISO27001:AC-1"
      },
      {
        "coverage": 0.0,
        "id": "ISO27001:AC-2"
      },
      {
        "coverage": 0.5,
        "id": "ISO27001:IR-1"
      }
    ],
    "frameworks": [
      {
        "coverage": 0.5,
        "name": "ISO27001"
      }
    ]
  },
  "confidence_score": 0.76,
  "decision": "DEFER",
  "evidence_id": "ev_APP-1825_demo",
  "marketplace_recommendations": [
    {
      "id": "guardrail-remediation",
      "match": [
        "ISO27001:AC-2"
      ],
      "title": "Enable auto-remediation playbooks"
    }
  ],
  "run_id": "SAMPLE-RUN",
  "top_factors": [
    {
      "name": "Critical severity detected",
      "rationale": "Testing summary reported 1 critical findings",
      "weight": 0.4
    },
    {
      "name": "Guardrail violation",
      "rationale": "Deployment posture shows publicly exposed storage buckets",
      "weight": 0.4
    }
  ]
}