{
  "bundle": "evidence_bundle.zip",
  "documents": {
    "requirements.json": "707d221909fc199d248f8ae7f19da577ce90e60d8de63de517278c9af9cae64f",
    "design.manifest.json": "f63f16da0fa9f6925f684c4b650572837a50a1cf5b124ae090c709a685de5968",
    "build.report.json": "6ef4f03e21f3b00ab48f34789cb042c79e054a23f89c9dc23751d128fab0c135",
    "test.report.json": "e68064edcc48d0dfce8157cf55a819b5b4c487265dfcd47f5c600c1ffddd8c7f",
    "deploy.manifest.json": "512e4d43f87bc4923c3a9057966e3e28ae8447a7d6151836f65ee55373a57c64",
    "operate.snapshot.json": "7cadf2e3a291775de8c481fe9937d212cafcfdcb0641f85bf217301b21e8eb39",
    "decision.json": "aa40a268ae6e4c77578e1236e2972f5513a0b2895cf18a47a08c4a57b1da1451"
  },
  "generated_at": "2024-01-01T00:00:00Z"
}