{
  "app_id": "APP-1825",
  "coverage": {
    "branches": 0.0,
    "lines": 0.0
  },
  "drift": {
    "new_findings": 0
  },
  "run_id": "SAMPLE-RUN",
  "summary": {
    "critical": 1,
    "high": 1,
    "low": 0,
    "medium": 0
  },
  "test_risk_score": 0.52
}