{
  "app_id": "APP-1825",
  "app_name": "life-claims-portal",
  "components": [
    {
      "component_id": "C-claims",
      "exposure": "internet",
      "name": "claims-api",
      "pii": true
    },
    {
      "component_id": "C-fraud",
      "exposure": "internal",
      "name": "fraud-service",
      "pii": false
    }
  ],
  "design_risk_score": 0.78,
  "run_id": "SAMPLE-RUN"
}